src/audit-logs/audit-logs.controller.ts(30,53): error TS2345: Argument of type 'string | undefined' is not assignable to parameter of type 'string'.
  Type 'undefined' is not assignable to type 'string'.
src/auth/auth.module.ts(18,7): error TS2322: Type '(configService: ConfigService) => Promise<{ secret: string | undefined; signOptions: { expiresIn: string | undefined; }; }>' is not assignable to type '(...args: any[]) => JwtModuleOptions | Promise<JwtModuleOptions>'.
  Type 'Promise<{ secret: string | undefined; signOptions: { expiresIn: string | undefined; }; }>' is not assignable to type 'JwtModuleOptions | Promise<JwtModuleOptions>'.
    Type 'Promise<{ secret: string | undefined; signOptions: { expiresIn: string | undefined; }; }>' is not assignable to type 'Promise<JwtModuleOptions>'.
      Type '{ secret: string | undefined; signOptions: { expiresIn: string | undefined; }; }' is not assignable to type 'JwtModuleOptions'.
        The types of 'signOptions.expiresIn' are incompatible between these types.
          Type 'string | undefined' is not assignable to type 'number | StringValue | undefined'.
            Type 'string' is not assignable to type 'number | StringValue | undefined'.
src/auth/strategies/jwt.strategy.ts(10,11): error TS2345: Argument of type '[{ jwtFromRequest: JwtFromRequestFunction<any>; ignoreExpiration: false; secretOrKey: string | undefined; }]' is not assignable to parameter of type '[opt: StrategyOptionsWithRequest] | [opt: StrategyOptionsWithoutRequest]'.
  Type '[{ jwtFromRequest: JwtFromRequestFunction<any>; ignoreExpiration: false; secretOrKey: string | undefined; }]' is not assignable to type '[opt: StrategyOptionsWithoutRequest]'.
    Type '{ jwtFromRequest: JwtFromRequestFunction<any>; ignoreExpiration: false; secretOrKey: string | undefined; }' is not assignable to type 'StrategyOptionsWithoutRequest'.
      Type '{ jwtFromRequest: JwtFromRequestFunction<any>; ignoreExpiration: false; secretOrKey: string | undefined; }' is not assignable to type 'Omit<WithSecretOrKey, "secretOrKeyProvider"> & { passReqToCallback?: false | undefined; }'.
        Type '{ jwtFromRequest: JwtFromRequestFunction<any>; ignoreExpiration: false; secretOrKey: string | undefined; }' is not assignable to type 'Omit<WithSecretOrKey, "secretOrKeyProvider">'.
          Types of property 'secretOrKey' are incompatible.
            Type 'string | undefined' is not assignable to type 'string | Buffer<ArrayBufferLike>'.
              Type 'undefined' is not assignable to type 'string | Buffer<ArrayBufferLike>'.
src/database/seeds/super-admin.seed.ts(4,22): error TS2307: Cannot find module '../users/entities/user.entity' or its corresponding type declarations.
src/departments/departments.controller.ts(50,44): error TS2345: Argument of type 'string | undefined' is not assignable to parameter of type 'string'.
  Type 'undefined' is not assignable to type 'string'.
src/items/item-categories.controller.ts(41,43): error TS2345: Argument of type 'string | undefined' is not assignable to parameter of type 'string'.
  Type 'undefined' is not assignable to type 'string'.
src/items/item-categories.controller.ts(47,47): error TS2345: Argument of type 'string | undefined' is not assignable to parameter of type 'string'.
  Type 'undefined' is not assignable to type 'string'.
src/items/item-categories.service.ts(24,27): error TS2322: Type 'string | null | undefined' is not assignable to type 'string | FindOperator<string> | undefined'.
  Type 'null' is not assignable to type 'string | FindOperator<string> | undefined'.
src/items/item-categories.service.ts(25,27): error TS2322: Type 'null' is not assignable to type 'string | FindOperator<string> | undefined'.
src/items/item-categories.service.ts(33,68): error TS2769: No overload matches this call.
  Overload 1 of 3, '(entityLikeArray: DeepPartial<ItemCategory>[]): ItemCategory[]', gave the following error.
    Object literal may only specify known properties, and 'companyId' does not exist in type 'DeepPartial<ItemCategory>[]'.
  Overload 2 of 3, '(entityLike: DeepPartial<ItemCategory>): ItemCategory', gave the following error.
    Type 'string | null | undefined' is not assignable to type 'string | undefined'.
      Type 'null' is not assignable to type 'string | undefined'.
src/items/item-categories.service.ts(34,5): error TS2740: Type 'ItemCategory[]' is missing the following properties from type 'ItemCategory': id, name, code, description, and 6 more.
src/items/items.controller.ts(34,38): error TS2345: Argument of type 'string | undefined' is not assignable to parameter of type 'string'.
  Type 'undefined' is not assignable to type 'string'.
src/items/items.controller.ts(47,60): error TS2345: Argument of type 'string | undefined' is not assignable to parameter of type 'string'.
  Type 'undefined' is not assignable to type 'string'.
src/items/items.controller.ts(54,56): error TS2345: Argument of type 'string | undefined' is not assignable to parameter of type 'string'.
  Type 'undefined' is not assignable to type 'string'.
src/main.ts(4,20): error TS2307: Cannot find module 'helmet' or its corresponding type declarations.
src/users/users.controller.ts(56,38): error TS2345: Argument of type 'string | undefined' is not assignable to parameter of type 'string'.
  Type 'undefined' is not assignable to type 'string'.
src/users/users.service.ts(34,9): error TS2322: Type 'User | null' is not assignable to type 'User'.
  Type 'null' is not assignable to type 'User'.
src/warehouse/warehouse.controller.ts(23,62): error TS2345: Argument of type 'string | undefined' is not assignable to parameter of type 'string'.
  Type 'undefined' is not assignable to type 'string'.
src/warehouse/warehouse.controller.ts(36,49): error TS2345: Argument of type 'string | undefined' is not assignable to parameter of type 'string'.
  Type 'undefined' is not assignable to type 'string'.
src/warehouse/warehouse.service.ts(78,30): error TS2769: No overload matches this call.
  Overload 1 of 2, '(entityClass: EntityTarget<ItemEvent>, plainObject?: DeepPartial<ItemEvent> | undefined): ItemEvent', gave the following error.
    Type 'null' is not assignable to type 'ItemStatus | undefined'.
  Overload 2 of 2, '(entityClass: EntityTarget<ItemEvent>, plainObjects?: DeepPartial<ItemEvent>[] | undefined): ItemEvent[]', gave the following error.
    Object literal may only specify known properties, and 'itemId' does not exist in type 'DeepPartial<ItemEvent>[]'.
